
========================================
Test 1: Asymptotic Quasi-Static Limit
========================================

=== Per-Mode Damping (味 = 1.00) ===
  K_hertz = 1.19e+08 N/m  (未_avg = 5.85 碌m)
  c_ball_trans  = 1991.92 N路s/m  (c鈽?= 0.426724)
  c_ball_orbit  = 199.19 N路s/m  (c鈽?= 0.042672)
  c_ball_spin   = 0.0508 N路m路s   (c鈽?= 0.000011)
  c_ir          = 36702.50 N路s/m  (c鈽?= 7.862660)
  c_cage        = 301.40 N路s/m  (c鈽?= 0.064568)
  c_tilt        = 36702.50 N路s/m  (c鈽?= 7.862660)
[KERNEL-V3-TRAC] ode_rhs! loaded with Harris traction damping
[KERNEL-V3-TRAC] ode_rhs! loaded with Harris traction damping
[KERNEL-V3-TRAC] ode_rhs! loaded with Harris traction damping
[KERNEL-V3-TRAC] ode_rhs! loaded with Harris traction damping
[KERNEL-V3-TRAC] ode_rhs! loaded with Harris traction damping
[KERNEL-V3-TRAC] ode_rhs! loaded with Harris traction damping
[KERNEL-V3-TRAC] ode_rhs! loaded with Harris traction damping
[KERNEL-V3-TRAC] ode_rhs! loaded with Harris traction damping
[KERNEL-V3-TRAC] ode_rhs! loaded with Harris traction damping
[KERNEL-V3-TRAC] ode_rhs! loaded with Harris traction damping
[KERNEL-V3-TRAC] ode_rhs! loaded with Harris traction damping
[KERNEL-V3-TRAC] ode_rhs! loaded with Harris traction damping
[KERNEL-V3-TRAC] ode_rhs! loaded with Harris traction damping
[KERNEL-V3-TRAC] ode_rhs! loaded with Harris traction damping
[KERNEL-V3-TRAC] ode_rhs! loaded with Harris traction damping
[KERNEL-V3-TRAC] ode_rhs! loaded with Harris traction damping
[KERNEL-V3-TRAC] ode_rhs! loaded with Harris traction damping
[KERNEL-V3-TRAC] ode_rhs! loaded with Harris traction damping
[KERNEL-V3-TRAC] ode_rhs! loaded with Harris traction damping
[KERNEL-V3-TRAC] ode_rhs! loaded with Harris traction damping
[KERNEL-V3-TRAC] ode_rhs! loaded with Harris traction damping
[KERNEL-V3-TRAC] ode_rhs! loaded with Harris traction damping
[KERNEL-V3-TRAC] ode_rhs! loaded with Harris traction damping
[KERNEL-V3-TRAC] ode_rhs! loaded with Harris traction damping
[KERNEL-V3-TRAC] ode_rhs! loaded with Harris traction damping
[KERNEL-V3-TRAC] ode_rhs! loaded with Harris traction damping
[KERNEL-V3-TRAC] ode_rhs! loaded with Harris traction damping
[KERNEL-V3-TRAC] ode_rhs! loaded with Harris traction damping
[KERNEL-V3-TRAC] ode_rhs! loaded with Harris traction damping
[KERNEL-V3-TRAC] ode_rhs! loaded with Harris traction damping
[KERNEL-V3-TRAC] ode_rhs! loaded with Harris traction damping
[KERNEL-V3-TRAC] ode_rhs! loaded with Harris traction damping
[KERNEL-V3-TRAC] ode_rhs! loaded with Harris traction damping
[KERNEL-V3-TRAC] ode_rhs! loaded with Harris traction damping
[KERNEL-V3-TRAC] ode_rhs! loaded with Harris traction damping
[KERNEL-V3-TRAC] ode_rhs! loaded with Harris traction damping
[KERNEL-V3-TRAC] ode_rhs! loaded with Harris traction damping
[KERNEL-V3-TRAC] ode_rhs! loaded with Harris traction damping
[KERNEL-V3-TRAC] ode_rhs! loaded with Harris traction damping
[KERNEL-V3-TRAC] ode_rhs! loaded with Harris traction damping
[KERNEL-V3-TRAC] ode_rhs! loaded with Harris traction damping
[KERNEL-V3-TRAC] ode_rhs! loaded with Harris traction damping
[KERNEL-V3-TRAC] ode_rhs! loaded with Harris traction damping
[KERNEL-V3-TRAC] ode_rhs! loaded with Harris traction damping
[KERNEL-V3-TRAC] ode_rhs! loaded with Harris traction damping
[KERNEL-V3-TRAC] ode_rhs! loaded with Harris traction damping
[KERNEL-V3-TRAC] ode_rhs! loaded with Harris traction damping
[KERNEL-V3-TRAC] ode_rhs! loaded with Harris traction damping
[KERNEL-V3-TRAC] ode_rhs! loaded with Harris traction damping
[KERNEL-V3-TRAC] ode_rhs! loaded with Harris traction damping
[KERNEL-V3-TRAC] ode_rhs! loaded with Harris traction damping
[KERNEL-V3-TRAC] ode_rhs! loaded with Harris traction damping
[KERNEL-V3-TRAC] ode_rhs! loaded with Harris traction damping
[KERNEL-V3-TRAC] ode_rhs! loaded with Harris traction damping
[KERNEL-V3-TRAC] ode_rhs! loaded with Harris traction damping
[KERNEL-V3-TRAC] ode_rhs! loaded with Harris traction damping
[KERNEL-V3-TRAC] ode_rhs! loaded with Harris traction damping
[KERNEL-V3-TRAC] ode_rhs! loaded with Harris traction damping
[KERNEL-V3-TRAC] ode_rhs! loaded with Harris traction damping
[KERNEL-V3-TRAC] ode_rhs! loaded with Harris traction damping
[KERNEL-V3-TRAC] ode_rhs! loaded with Harris traction damping
[KERNEL-V3-TRAC] ode_rhs! loaded with Harris traction damping
[KERNEL-V3-TRAC] ode_rhs! loaded with Harris traction damping
[KERNEL-V3-TRAC] ode_rhs! loaded with Harris traction damping
[KERNEL-V3-TRAC] ode_rhs! loaded with Harris traction damping
[KERNEL-V3-TRAC] ode_rhs! loaded with Harris traction damping
[KERNEL-V3-TRAC] ode_rhs! loaded with Harris traction damping
[KERNEL-V3-TRAC] ode_rhs! loaded with Harris traction damping
[KERNEL-V3-TRAC] ode_rhs! loaded with Harris traction damping
[KERNEL-V3-TRAC] ode_rhs! loaded with Harris traction damping
[KERNEL-V3-TRAC] ode_rhs! loaded with Harris traction damping
[KERNEL-V3-TRAC] ode_rhs! loaded with Harris traction damping
[KERNEL-V3-TRAC] ode_rhs! loaded with Harris traction damping
[KERNEL-V3-TRAC] ode_rhs! loaded with Harris traction damping
[KERNEL-V3-TRAC] ode_rhs! loaded with Harris traction damping
[KERNEL-V3-TRAC] ode_rhs! loaded with Harris traction damping
[KERNEL-V3-TRAC] ode_rhs! loaded with Harris traction damping
[KERNEL-V3-TRAC] ode_rhs! loaded with Harris traction damping
[KERNEL-V3-TRAC] ode_rhs! loaded with Harris traction damping
[KERNEL-V3-TRAC] ode_rhs! loaded with Harris traction damping
[KERNEL-V3-TRAC] ode_rhs! loaded with Harris traction damping
[KERNEL-V3-TRAC] ode_rhs! loaded with Harris traction damping
[KERNEL-V3-TRAC] ode_rhs! loaded with Harris traction damping
[KERNEL-V3-TRAC] ode_rhs! loaded with Harris traction damping
[KERNEL-V3-TRAC] ode_rhs! loaded with Harris traction damping
[KERNEL-V3-TRAC] ode_rhs! loaded with Harris traction damping
[KERNEL-V3-TRAC] ode_rhs! loaded with Harris traction damping
[KERNEL-V3-TRAC] ode_rhs! loaded with Harris traction damping
[KERNEL-V3-TRAC] ode_rhs! loaded with Harris traction damping
[KERNEL-V3-TRAC] ode_rhs! loaded with Harris traction damping
[KERNEL-V3-TRAC] ode_rhs! loaded with Harris traction damping
[KERNEL-V3-TRAC] ode_rhs! loaded with Harris traction damping
[KERNEL-V3-TRAC] ode_rhs! loaded with Harris traction damping
[KERNEL-V3-TRAC] ode_rhs! loaded with Harris traction damping
[KERNEL-V3-TRAC] ode_rhs! loaded with Harris traction damping
[KERNEL-V3-TRAC] ode_rhs! loaded with Harris traction damping
[KERNEL-V3-TRAC] ode_rhs! loaded with Harris traction damping
[KERNEL-V3-TRAC] ode_rhs! loaded with Harris traction damping
[KERNEL-V3-TRAC] ode_rhs! loaded with Harris traction damping
[KERNEL-V3-TRAC] ode_rhs! loaded with Harris traction damping
[KERNEL-V3-TRAC] ode_rhs! loaded with Harris traction damping
[KERNEL-V3-TRAC] ode_rhs! loaded with Harris traction damping
[KERNEL-V3-TRAC] ode_rhs! loaded with Harris traction damping
[KERNEL-V3-TRAC] ode_rhs! loaded with Harris traction damping
[KERNEL-V3-TRAC] ode_rhs! loaded with Harris traction damping
[KERNEL-V3-TRAC] ode_rhs! loaded with Harris traction damping
[KERNEL-V3-TRAC] ode_rhs! loaded with Harris traction damping
[KERNEL-V3-TRAC] ode_rhs! loaded with Harris traction damping
[KERNEL-V3-TRAC] ode_rhs! loaded with Harris traction damping
[KERNEL-V3-TRAC] ode_rhs! loaded with Harris traction damping
[KERNEL-V3-TRAC] ode_rhs! loaded with Harris traction damping
[KERNEL-V3-TRAC] ode_rhs! loaded with Harris traction damping
[KERNEL-V3-TRAC] ode_rhs! loaded with Harris traction damping
[KERNEL-V3-TRAC] ode_rhs! loaded with Harris traction damping
[KERNEL-V3-TRAC] ode_rhs! loaded with Harris traction damping
[KERNEL-V3-TRAC] ode_rhs! loaded with Harris traction damping
[KERNEL-V3-TRAC] ode_rhs! loaded with Harris traction damping
[KERNEL-V3-TRAC] ode_rhs! loaded with Harris traction damping
[KERNEL-V3-TRAC] ode_rhs! loaded with Harris traction damping
[KERNEL-V3-TRAC] ode_rhs! loaded with Harris traction damping
[KERNEL-V3-TRAC] ode_rhs! loaded with Harris traction damping
[KERNEL-V3-TRAC] ode_rhs! loaded with Harris traction damping
[KERNEL-V3-TRAC] ode_rhs! loaded with Harris traction damping
[KERNEL-V3-TRAC] ode_rhs! loaded with Harris traction damping
[KERNEL-V3-TRAC] ode_rhs! loaded with Harris traction damping
[KERNEL-V3-TRAC] ode_rhs! loaded with Harris traction damping
[KERNEL-V3-TRAC] ode_rhs! loaded with Harris traction damping
[KERNEL-V3-TRAC] ode_rhs! loaded with Harris traction damping
[KERNEL-V3-TRAC] ode_rhs! loaded with Harris traction damping
[KERNEL-V3-TRAC] ode_rhs! loaded with Harris traction damping
[KERNEL-V3-TRAC] ode_rhs! loaded with Harris traction damping
[KERNEL-V3-TRAC] ode_rhs! loaded with Harris traction damping
[KERNEL-V3-TRAC] ode_rhs! loaded with Harris traction damping
[KERNEL-V3-TRAC] ode_rhs! loaded with Harris traction damping
[KERNEL-V3-TRAC] ode_rhs! loaded with Harris traction damping
[KERNEL-V3-TRAC] ode_rhs! loaded with Harris traction damping
[KERNEL-V3-TRAC] ode_rhs! loaded with Harris traction damping
[KERNEL-V3-TRAC] ode_rhs! loaded with Harris traction damping
[KERNEL-V3-TRAC] ode_rhs! loaded with Harris traction damping
[KERNEL-V3-TRAC] ode_rhs! loaded with Harris traction damping
[KERNEL-V3-TRAC] ode_rhs! loaded with Harris traction damping
[KERNEL-V3-TRAC] ode_rhs! loaded with Harris traction damping
[KERNEL-V3-TRAC] ode_rhs! loaded with Harris traction damping
[KERNEL-V3-TRAC] ode_rhs! loaded with Harris traction damping
[KERNEL-V3-TRAC] ode_rhs! loaded with Harris traction damping
[KERNEL-V3-TRAC] ode_rhs! loaded with Harris traction damping
[KERNEL-V3-TRAC] ode_rhs! loaded with Harris traction damping
[KERNEL-V3-TRAC] ode_rhs! loaded with Harris traction damping
[KERNEL-V3-TRAC] ode_rhs! loaded with Harris traction damping
[KERNEL-V3-TRAC] ode_rhs! loaded with Harris traction damping
[KERNEL-V3-TRAC] ode_rhs! loaded with Harris traction damping
[KERNEL-V3-TRAC] ode_rhs! loaded with Harris traction damping
[KERNEL-V3-TRAC] ode_rhs! loaded with Harris traction damping
[KERNEL-V3-TRAC] ode_rhs! loaded with Harris traction damping
[KERNEL-V3-TRAC] ode_rhs! loaded with Harris traction damping
[KERNEL-V3-TRAC] ode_rhs! loaded with Harris traction damping
[KERNEL-V3-TRAC] ode_rhs! loaded with Harris traction damping
[KERNEL-V3-TRAC] ode_rhs! loaded with Harris traction damping
[KERNEL-V3-TRAC] ode_rhs! loaded with Harris traction damping
[KERNEL-V3-TRAC] ode_rhs! loaded with Harris traction damping
[KERNEL-V3-TRAC] ode_rhs! loaded with Harris traction damping
[KERNEL-V3-TRAC] ode_rhs! loaded with Harris traction damping
[KERNEL-V3-TRAC] ode_rhs! loaded with Harris traction damping
[KERNEL-V3-TRAC] ode_rhs! loaded with Harris traction damping
[KERNEL-V3-TRAC] ode_rhs! loaded with Harris traction damping
[KERNEL-V3-TRAC] ode_rhs! loaded with Harris traction damping
[KERNEL-V3-TRAC] ode_rhs! loaded with Harris traction damping
[KERNEL-V3-TRAC] ode_rhs! loaded with Harris traction damping
[KERNEL-V3-TRAC] ode_rhs! loaded with Harris traction damping
[KERNEL-V3-TRAC] ode_rhs! loaded with Harris traction damping
[KERNEL-V3-TRAC] ode_rhs! loaded with Harris traction damping
[KERNEL-V3-TRAC] ode_rhs! loaded with Harris traction damping
[KERNEL-V3-TRAC] ode_rhs! loaded with Harris traction damping
[KERNEL-V3-TRAC] ode_rhs! loaded with Harris traction damping
[KERNEL-V3-TRAC] ode_rhs! loaded with Harris traction damping
[KERNEL-V3-TRAC] ode_rhs! loaded with Harris traction damping
[KERNEL-V3-TRAC] ode_rhs! loaded with Harris traction damping
[KERNEL-V3-TRAC] ode_rhs! loaded with Harris traction damping
[KERNEL-V3-TRAC] ode_rhs! loaded with Harris traction damping
[KERNEL-V3-TRAC] ode_rhs! loaded with Harris traction damping
[KERNEL-V3-TRAC] ode_rhs! loaded with Harris traction damping
[KERNEL-V3-TRAC] ode_rhs! loaded with Harris traction damping
[KERNEL-V3-TRAC] ode_rhs! loaded with Harris traction damping
[KERNEL-V3-TRAC] ode_rhs! loaded with Harris traction damping
[KERNEL-V3-TRAC] ode_rhs! loaded with Harris traction damping
[KERNEL-V3-TRAC] ode_rhs! loaded with Harris traction damping
[KERNEL-V3-TRAC] ode_rhs! loaded with Harris traction damping
[KERNEL-V3-TRAC] ode_rhs! loaded with Harris traction damping
[KERNEL-V3-TRAC] ode_rhs! loaded with Harris traction damping
[KERNEL-V3-TRAC] ode_rhs! loaded with Harris traction damping
[KERNEL-V3-TRAC] ode_rhs! loaded with Harris traction damping
[KERNEL-V3-TRAC] ode_rhs! loaded with Harris traction damping
[KERNEL-V3-TRAC] ode_rhs! loaded with Harris traction damping
[KERNEL-V3-TRAC] ode_rhs! loaded with Harris traction damping
[KERNEL-V3-TRAC] ode_rhs! loaded with Harris traction damping
[KERNEL-V3-TRAC] ode_rhs! loaded with Harris traction damping
[KERNEL-V3-TRAC] ode_rhs! loaded with Harris traction damping
[KERNEL-V3-TRAC] ode_rhs! loaded with Harris traction damping
[KERNEL-V3-TRAC] ode_rhs! loaded with Harris traction damping
[KERNEL-V3-TRAC] ode_rhs! loaded with Harris traction damping
[KERNEL-V3-TRAC] ode_rhs! loaded with Harris traction damping
[KERNEL-V3-TRAC] ode_rhs! loaded with Harris traction damping
[KERNEL-V3-TRAC] ode_rhs! loaded with Harris traction damping
[KERNEL-V3-TRAC] ode_rhs! loaded with Harris traction damping
[KERNEL-V3-TRAC] ode_rhs! loaded with Harris traction damping
[KERNEL-V3-TRAC] ode_rhs! loaded with Harris traction damping
[KERNEL-V3-TRAC] ode_rhs! loaded with Harris traction damping
[KERNEL-V3-TRAC] ode_rhs! loaded with Harris traction damping
[KERNEL-V3-TRAC] ode_rhs! loaded with Harris traction damping
[KERNEL-V3-TRAC] ode_rhs! loaded with Harris traction damping
[KERNEL-V3-TRAC] ode_rhs! loaded with Harris traction damping
[KERNEL-V3-TRAC] ode_rhs! loaded with Harris traction damping
[KERNEL-V3-TRAC] ode_rhs! loaded with Harris traction damping
[KERNEL-V3-TRAC] ode_rhs! loaded with Harris traction damping
[KERNEL-V3-TRAC] ode_rhs! loaded with Harris traction damping
[KERNEL-V3-TRAC] ode_rhs! loaded with Harris traction damping
[KERNEL-V3-TRAC] ode_rhs! loaded with Harris traction damping
[KERNEL-V3-TRAC] ode_rhs! loaded with Harris traction damping
[KERNEL-V3-TRAC] ode_rhs! loaded with Harris traction damping
[KERNEL-V3-TRAC] ode_rhs! loaded with Harris traction damping
[KERNEL-V3-TRAC] ode_rhs! loaded with Harris traction damping
[KERNEL-V3-TRAC] ode_rhs! loaded with Harris traction damping
[KERNEL-V3-TRAC] ode_rhs! loaded with Harris traction damping
[KERNEL-V3-TRAC] ode_rhs! loaded with Harris traction damping
[KERNEL-V3-TRAC] ode_rhs! loaded with Harris traction damping
[KERNEL-V3-TRAC] ode_rhs! loaded with Harris traction damping
[KERNEL-V3-TRAC] ode_rhs! loaded with Harris traction damping
[KERNEL-V3-TRAC] ode_rhs! loaded with Harris traction damping
[KERNEL-V3-TRAC] ode_rhs! loaded with Harris traction damping
  [ODE] Integrator at t = 1.05713e-10 s  (0.00 %)
Quasi-Static Limit Convergence: Error During Test at E:\antigravity_folder\ADORE_V2_jl\test\test_physics_validation.jl:19
  Got exception outside of a @test
  UndefVarError: `extract_field_output` not defined in `ADORE`
  Suggestion: check for spelling errors or missing imports.
  Stacktrace:
   [1] getproperty(x::Module, f::Symbol)
     @ Base .\Base_compiler.jl:47
   [2] macro expansion
     @ E:\antigravity_folder\ADORE_V2_jl\test\test_physics_validation.jl:44 [inlined]
   [3] macro expansion
     @ C:\Users\yuxinlu_qh\.julia\juliaup\julia-1.12.5+0.x64.w64.mingw32\share\julia\stdlib\v1.12\Test\src\Test.jl:1776 [inlined]
   [4] macro expansion
     @ E:\antigravity_folder\ADORE_V2_jl\test\test_physics_validation.jl:22 [inlined]
   [5] macro expansion
     @ C:\Users\yuxinlu_qh\.julia\juliaup\julia-1.12.5+0.x64.w64.mingw32\share\julia\stdlib\v1.12\Test\src\Test.jl:1776 [inlined]
   [6] top-level scope
     @ E:\antigravity_folder\ADORE_V2_jl\test\test_physics_validation.jl:16
   [7] include(mod::Module, _path::String)
     @ Base .\Base.jl:306
   [8] exec_options(opts::Base.JLOptions)
     @ Base .\client.jl:317
   [9] _start()
     @ Base .\client.jl:550

========================================
Test 2: Rotational Symmetry / Isotropy
========================================

=== Per-Mode Damping (味 = 0.05) ===
  K_hertz = 1.00e+08 N/m  (未_avg = 4.16 碌m)
  c_ball_trans  = 91.48 N路s/m  (c鈽?= 0.019598)
  c_ball_orbit  = 9.15 N路s/m  (c鈽?= 0.001960)
  c_ball_spin   = 0.0023 N路m路s   (c鈽?= 0.000000)
  c_ir          = 1685.64 N路s/m  (c鈽?= 0.361109)
  c_cage        = 13.84 N路s/m  (c鈽?= 0.002965)
  c_tilt        = 1685.64 N路s/m  (c鈽?= 1.000000)
[KERNEL-V3-TRAC] ode_rhs! loaded with Harris traction damping
[KERNEL-V3-TRAC] ode_rhs! loaded with Harris traction damping
[KERNEL-V3-TRAC] ode_rhs! loaded with Harris traction damping
[KERNEL-V3-TRAC] ode_rhs! loaded with Harris traction damping
[KERNEL-V3-TRAC] ode_rhs! loaded with Harris traction damping
[KERNEL-V3-TRAC] ode_rhs! loaded with Harris traction damping
[KERNEL-V3-TRAC] ode_rhs! loaded with Harris traction damping
[KERNEL-V3-TRAC] ode_rhs! loaded with Harris traction damping
[KERNEL-V3-TRAC] ode_rhs! loaded with Harris traction damping
[KERNEL-V3-TRAC] ode_rhs! loaded with Harris traction damping
[KERNEL-V3-TRAC] ode_rhs! loaded with Harris traction damping
[KERNEL-V3-TRAC] ode_rhs! loaded with Harris traction damping
[KERNEL-V3-TRAC] ode_rhs! loaded with Harris traction damping
[KERNEL-V3-TRAC] ode_rhs! loaded with Harris traction damping
[KERNEL-V3-TRAC] ode_rhs! loaded with Harris traction damping
[KERNEL-V3-TRAC] ode_rhs! loaded with Harris traction damping
[KERNEL-V3-TRAC] ode_rhs! loaded with Harris traction damping
[KERNEL-V3-TRAC] ode_rhs! loaded with Harris traction damping
[KERNEL-V3-TRAC] ode_rhs! loaded with Harris traction damping
[KERNEL-V3-TRAC] ode_rhs! loaded with Harris traction damping
[KERNEL-V3-TRAC] ode_rhs! loaded with Harris traction damping
[KERNEL-V3-TRAC] ode_rhs! loaded with Harris traction damping
[KERNEL-V3-TRAC] ode_rhs! loaded with Harris traction damping
[KERNEL-V3-TRAC] ode_rhs! loaded with Harris traction damping
[KERNEL-V3-TRAC] ode_rhs! loaded with Harris traction damping
[KERNEL-V3-TRAC] ode_rhs! loaded with Harris traction damping
[KERNEL-V3-TRAC] ode_rhs! loaded with Harris traction damping
[KERNEL-V3-TRAC] ode_rhs! loaded with Harris traction damping
[KERNEL-V3-TRAC] ode_rhs! loaded with Harris traction damping
[KERNEL-V3-TRAC] ode_rhs! loaded with Harris traction damping
[KERNEL-V3-TRAC] ode_rhs! loaded with Harris traction damping
[KERNEL-V3-TRAC] ode_rhs! loaded with Harris traction damping
[KERNEL-V3-TRAC] ode_rhs! loaded with Harris traction damping
[KERNEL-V3-TRAC] ode_rhs! loaded with Harris traction damping
[KERNEL-V3-TRAC] ode_rhs! loaded with Harris traction damping
[KERNEL-V3-TRAC] ode_rhs! loaded with Harris traction damping
[KERNEL-V3-TRAC] ode_rhs! loaded with Harris traction damping
[KERNEL-V3-TRAC] ode_rhs! loaded with Harris traction damping
[KERNEL-V3-TRAC] ode_rhs! loaded with Harris traction damping
[KERNEL-V3-TRAC] ode_rhs! loaded with Harris traction damping
[KERNEL-V3-TRAC] ode_rhs! loaded with Harris traction damping
[KERNEL-V3-TRAC] ode_rhs! loaded with Harris traction damping
[KERNEL-V3-TRAC] ode_rhs! loaded with Harris traction damping
[KERNEL-V3-TRAC] ode_rhs! loaded with Harris traction damping
[KERNEL-V3-TRAC] ode_rhs! loaded with Harris traction damping
[KERNEL-V3-TRAC] ode_rhs! loaded with Harris traction damping
[KERNEL-V3-TRAC] ode_rhs! loaded with Harris traction damping
[KERNEL-V3-TRAC] ode_rhs! loaded with Harris traction damping
[KERNEL-V3-TRAC] ode_rhs! loaded with Harris traction damping
[KERNEL-V3-TRAC] ode_rhs! loaded with Harris traction damping
[KERNEL-V3-TRAC] ode_rhs! loaded with Harris traction damping
[KERNEL-V3-TRAC] ode_rhs! loaded with Harris traction damping
[KERNEL-V3-TRAC] ode_rhs! loaded with Harris traction damping
[KERNEL-V3-TRAC] ode_rhs! loaded with Harris traction damping
[KERNEL-V3-TRAC] ode_rhs! loaded with Harris traction damping
[KERNEL-V3-TRAC] ode_rhs! loaded with Harris traction damping
[KERNEL-V3-TRAC] ode_rhs! loaded with Harris traction damping
[KERNEL-V3-TRAC] ode_rhs! loaded with Harris traction damping
[KERNEL-V3-TRAC] ode_rhs! loaded with Harris traction damping
[KERNEL-V3-TRAC] ode_rhs! loaded with Harris traction damping
[KERNEL-V3-TRAC] ode_rhs! loaded with Harris traction damping
[KERNEL-V3-TRAC] ode_rhs! loaded with Harris traction damping
[KERNEL-V3-TRAC] ode_rhs! loaded with Harris traction damping
[KERNEL-V3-TRAC] ode_rhs! loaded with Harris traction damping
[KERNEL-V3-TRAC] ode_rhs! loaded with Harris traction damping
[KERNEL-V3-TRAC] ode_rhs! loaded with Harris traction damping
[KERNEL-V3-TRAC] ode_rhs! loaded with Harris traction damping
[KERNEL-V3-TRAC] ode_rhs! loaded with Harris traction damping
[KERNEL-V3-TRAC] ode_rhs! loaded with Harris traction damping
[KERNEL-V3-TRAC] ode_rhs! loaded with Harris traction damping
[KERNEL-V3-TRAC] ode_rhs! loaded with Harris traction damping
[KERNEL-V3-TRAC] ode_rhs! loaded with Harris traction damping
[KERNEL-V3-TRAC] ode_rhs! loaded with Harris traction damping
[KERNEL-V3-TRAC] ode_rhs! loaded with Harris traction damping
[KERNEL-V3-TRAC] ode_rhs! loaded with Harris traction damping
[KERNEL-V3-TRAC] ode_rhs! loaded with Harris traction damping
[KERNEL-V3-TRAC] ode_rhs! loaded with Harris traction damping
[KERNEL-V3-TRAC] ode_rhs! loaded with Harris traction damping
[KERNEL-V3-TRAC] ode_rhs! loaded with Harris traction damping
[KERNEL-V3-TRAC] ode_rhs! loaded with Harris traction damping
[KERNEL-V3-TRAC] ode_rhs! loaded with Harris traction damping
[KERNEL-V3-TRAC] ode_rhs! loaded with Harris traction damping
[KERNEL-V3-TRAC] ode_rhs! loaded with Harris traction damping
[KERNEL-V3-TRAC] ode_rhs! loaded with Harris traction damping
[KERNEL-V3-TRAC] ode_rhs! loaded with Harris traction damping
[KERNEL-V3-TRAC] ode_rhs! loaded with Harris traction damping
[KERNEL-V3-TRAC] ode_rhs! loaded with Harris traction damping
[KERNEL-V3-TRAC] ode_rhs! loaded with Harris traction damping
[KERNEL-V3-TRAC] ode_rhs! loaded with Harris traction damping
[KERNEL-V3-TRAC] ode_rhs! loaded with Harris traction damping
[KERNEL-V3-TRAC] ode_rhs! loaded with Harris traction damping
[KERNEL-V3-TRAC] ode_rhs! loaded with Harris traction damping
[KERNEL-V3-TRAC] ode_rhs! loaded with Harris traction damping
[KERNEL-V3-TRAC] ode_rhs! loaded with Harris traction damping
[KERNEL-V3-TRAC] ode_rhs! loaded with Harris traction damping
[KERNEL-V3-TRAC] ode_rhs! loaded with Harris traction damping
[KERNEL-V3-TRAC] ode_rhs! loaded with Harris traction damping
[KERNEL-V3-TRAC] ode_rhs! loaded with Harris traction damping
[KERNEL-V3-TRAC] ode_rhs! loaded with Harris traction damping
[KERNEL-V3-TRAC] ode_rhs! loaded with Harris traction damping
[KERNEL-V3-TRAC] ode_rhs! loaded with Harris traction damping
[KERNEL-V3-TRAC] ode_rhs! loaded with Harris traction damping
[KERNEL-V3-TRAC] ode_rhs! loaded with Harris traction damping
[KERNEL-V3-TRAC] ode_rhs! loaded with Harris traction damping
[KERNEL-V3-TRAC] ode_rhs! loaded with Harris traction damping
[KERNEL-V3-TRAC] ode_rhs! loaded with Harris traction damping
[KERNEL-V3-TRAC] ode_rhs! loaded with Harris traction damping
[KERNEL-V3-TRAC] ode_rhs! loaded with Harris traction damping
[KERNEL-V3-TRAC] ode_rhs! loaded with Harris traction damping
[KERNEL-V3-TRAC] ode_rhs! loaded with Harris traction damping
[KERNEL-V3-TRAC] ode_rhs! loaded with Harris traction damping
[KERNEL-V3-TRAC] ode_rhs! loaded with Harris traction damping
[KERNEL-V3-TRAC] ode_rhs! loaded with Harris traction damping
[KERNEL-V3-TRAC] ode_rhs! loaded with Harris traction damping
[KERNEL-V3-TRAC] ode_rhs! loaded with Harris traction damping
[KERNEL-V3-TRAC] ode_rhs! loaded with Harris traction damping
[KERNEL-V3-TRAC] ode_rhs! loaded with Harris traction damping
[KERNEL-V3-TRAC] ode_rhs! loaded with Harris traction damping
[KERNEL-V3-TRAC] ode_rhs! loaded with Harris traction damping
[KERNEL-V3-TRAC] ode_rhs! loaded with Harris traction damping
[KERNEL-V3-TRAC] ode_rhs! loaded with Harris traction damping
[KERNEL-V3-TRAC] ode_rhs! loaded with Harris traction damping
[KERNEL-V3-TRAC] ode_rhs! loaded with Harris traction damping
[KERNEL-V3-TRAC] ode_rhs! loaded with Harris traction damping
[KERNEL-V3-TRAC] ode_rhs! loaded with Harris traction damping
[KERNEL-V3-TRAC] ode_rhs! loaded with Harris traction damping
[KERNEL-V3-TRAC] ode_rhs! loaded with Harris traction damping
[KERNEL-V3-TRAC] ode_rhs! loaded with Harris traction damping
[KERNEL-V3-TRAC] ode_rhs! loaded with Harris traction damping
[KERNEL-V3-TRAC] ode_rhs! loaded with Harris traction damping
[KERNEL-V3-TRAC] ode_rhs! loaded with Harris traction damping
[KERNEL-V3-TRAC] ode_rhs! loaded with Harris traction damping
[KERNEL-V3-TRAC] ode_rhs! loaded with Harris traction damping
[KERNEL-V3-TRAC] ode_rhs! loaded with Harris traction damping
[KERNEL-V3-TRAC] ode_rhs! loaded with Harris traction damping
[KERNEL-V3-TRAC] ode_rhs! loaded with Harris traction damping
[KERNEL-V3-TRAC] ode_rhs! loaded with Harris traction damping
[KERNEL-V3-TRAC] ode_rhs! loaded with Harris traction damping
[KERNEL-V3-TRAC] ode_rhs! loaded with Harris traction damping
[KERNEL-V3-TRAC] ode_rhs! loaded with Harris traction damping
[KERNEL-V3-TRAC] ode_rhs! loaded with Harris traction damping
[KERNEL-V3-TRAC] ode_rhs! loaded with Harris traction damping
[KERNEL-V3-TRAC] ode_rhs! loaded with Harris traction damping
[KERNEL-V3-TRAC] ode_rhs! loaded with Harris traction damping
[KERNEL-V3-TRAC] ode_rhs! loaded with Harris traction damping
[KERNEL-V3-TRAC] ode_rhs! loaded with Harris traction damping
[KERNEL-V3-TRAC] ode_rhs! loaded with Harris traction damping
[KERNEL-V3-TRAC] ode_rhs! loaded with Harris traction damping
[KERNEL-V3-TRAC] ode_rhs! loaded with Harris traction damping
[KERNEL-V3-TRAC] ode_rhs! loaded with Harris traction damping
[KERNEL-V3-TRAC] ode_rhs! loaded with Harris traction damping
[KERNEL-V3-TRAC] ode_rhs! loaded with Harris traction damping
[KERNEL-V3-TRAC] ode_rhs! loaded with Harris traction damping
[KERNEL-V3-TRAC] ode_rhs! loaded with Harris traction damping
[KERNEL-V3-TRAC] ode_rhs! loaded with Harris traction damping
[KERNEL-V3-TRAC] ode_rhs! loaded with Harris traction damping
[KERNEL-V3-TRAC] ode_rhs! loaded with Harris traction damping
[KERNEL-V3-TRAC] ode_rhs! loaded with Harris traction damping
[KERNEL-V3-TRAC] ode_rhs! loaded with Harris traction damping
[KERNEL-V3-TRAC] ode_rhs! loaded with Harris traction damping
[KERNEL-V3-TRAC] ode_rhs! loaded with Harris traction damping
[KERNEL-V3-TRAC] ode_rhs! loaded with Harris traction damping
[KERNEL-V3-TRAC] ode_rhs! loaded with Harris traction damping
[KERNEL-V3-TRAC] ode_rhs! loaded with Harris traction damping
[KERNEL-V3-TRAC] ode_rhs! loaded with Harris traction damping
[KERNEL-V3-TRAC] ode_rhs! loaded with Harris traction damping
[KERNEL-V3-TRAC] ode_rhs! loaded with Harris traction damping
[KERNEL-V3-TRAC] ode_rhs! loaded with Harris traction damping
[KERNEL-V3-TRAC] ode_rhs! loaded with Harris traction damping
[KERNEL-V3-TRAC] ode_rhs! loaded with Harris traction damping
[KERNEL-V3-TRAC] ode_rhs! loaded with Harris traction damping
[KERNEL-V3-TRAC] ode_rhs! loaded with Harris traction damping
[KERNEL-V3-TRAC] ode_rhs! loaded with Harris traction damping
[KERNEL-V3-TRAC] ode_rhs! loaded with Harris traction damping
[KERNEL-V3-TRAC] ode_rhs! loaded with Harris traction damping
[KERNEL-V3-TRAC] ode_rhs! loaded with Harris traction damping
[KERNEL-V3-TRAC] ode_rhs! loaded with Harris traction damping
[KERNEL-V3-TRAC] ode_rhs! loaded with Harris traction damping
[KERNEL-V3-TRAC] ode_rhs! loaded with Harris traction damping
[KERNEL-V3-TRAC] ode_rhs! loaded with Harris traction damping
[KERNEL-V3-TRAC] ode_rhs! loaded with Harris traction damping
[KERNEL-V3-TRAC] ode_rhs! loaded with Harris traction damping
[KERNEL-V3-TRAC] ode_rhs! loaded with Harris traction damping
[KERNEL-V3-TRAC] ode_rhs! loaded with Harris traction damping
[KERNEL-V3-TRAC] ode_rhs! loaded with Harris traction damping
[KERNEL-V3-TRAC] ode_rhs! loaded with Harris traction damping
[KERNEL-V3-TRAC] ode_rhs! loaded with Harris traction damping
[KERNEL-V3-TRAC] ode_rhs! loaded with Harris traction damping
[KERNEL-V3-TRAC] ode_rhs! loaded with Harris traction damping
[KERNEL-V3-TRAC] ode_rhs! loaded with Harris traction damping
[KERNEL-V3-TRAC] ode_rhs! loaded with Harris traction damping
[KERNEL-V3-TRAC] ode_rhs! loaded with Harris traction damping
[KERNEL-V3-TRAC] ode_rhs! loaded with Harris traction damping
[KERNEL-V3-TRAC] ode_rhs! loaded with Harris traction damping
[KERNEL-V3-TRAC] ode_rhs! loaded with Harris traction damping
[KERNEL-V3-TRAC] ode_rhs! loaded with Harris traction damping
[KERNEL-V3-TRAC] ode_rhs! loaded with Harris traction damping
[KERNEL-V3-TRAC] ode_rhs! loaded with Harris traction damping
[KERNEL-V3-TRAC] ode_rhs! loaded with Harris traction damping
[KERNEL-V3-TRAC] ode_rhs! loaded with Harris traction damping
[KERNEL-V3-TRAC] ode_rhs! loaded with Harris traction damping
[KERNEL-V3-TRAC] ode_rhs! loaded with Harris traction damping
[KERNEL-V3-TRAC] ode_rhs! loaded with Harris traction damping
[KERNEL-V3-TRAC] ode_rhs! loaded with Harris traction damping
[KERNEL-V3-TRAC] ode_rhs! loaded with Harris traction damping
[KERNEL-V3-TRAC] ode_rhs! loaded with Harris traction damping
[KERNEL-V3-TRAC] ode_rhs! loaded with Harris traction damping
[KERNEL-V3-TRAC] ode_rhs! loaded with Harris traction damping
[KERNEL-V3-TRAC] ode_rhs! loaded with Harris traction damping
[KERNEL-V3-TRAC] ode_rhs! loaded with Harris traction damping
[KERNEL-V3-TRAC] ode_rhs! loaded with Harris traction damping
[KERNEL-V3-TRAC] ode_rhs! loaded with Harris traction damping
[KERNEL-V3-TRAC] ode_rhs! loaded with Harris traction damping
[KERNEL-V3-TRAC] ode_rhs! loaded with Harris traction damping
[KERNEL-V3-TRAC] ode_rhs! loaded with Harris traction damping
[KERNEL-V3-TRAC] ode_rhs! loaded with Harris traction damping
[KERNEL-V3-TRAC] ode_rhs! loaded with Harris traction damping
[KERNEL-V3-TRAC] ode_rhs! loaded with Harris traction damping
[KERNEL-V3-TRAC] ode_rhs! loaded with Harris traction damping
[KERNEL-V3-TRAC] ode_rhs! loaded with Harris traction damping
[KERNEL-V3-TRAC] ode_rhs! loaded with Harris traction damping
[KERNEL-V3-TRAC] ode_rhs! loaded with Harris traction damping
[KERNEL-V3-TRAC] ode_rhs! loaded with Harris traction damping
[KERNEL-V3-TRAC] ode_rhs! loaded with Harris traction damping
[KERNEL-V3-TRAC] ode_rhs! loaded with Harris traction damping
[KERNEL-V3-TRAC] ode_rhs! loaded with Harris traction damping
[KERNEL-V3-TRAC] ode_rhs! loaded with Harris traction damping
[KERNEL-V3-TRAC] ode_rhs! loaded with Harris traction damping
[KERNEL-V3-TRAC] ode_rhs! loaded with Harris traction damping
  [ODE] Integrator at t = 1.65063e-04 s  (8.25 %)
  [ODE] Integrator at t = 1.65755e-04 s  (8.29 %)
  [ODE] Integrator at t = 1.66613e-04 s  (8.33 %)
  [ODE] Integrator at t = 1.67390e-04 s  (8.37 %)
  [ODE] Integrator at t = 1.68130e-04 s  (8.41 %)
  [ODE] Integrator at t = 1.68734e-04 s  (8.44 %)
  [ODE] Integrator at t = 1.69395e-04 s  (8.47 %)
  [ODE] Integrator at t = 1.70060e-04 s  (8.50 %)
  [ODE] Integrator at t = 1.70740e-04 s  (8.54 %)
  [ODE] Integrator at t = 1.71621e-04 s  (8.58 %)
  [ODE] Integrator at t = 1.72352e-04 s  (8.62 %)
  [ODE] Integrator at t = 1.73257e-04 s  (8.66 %)
  [ODE] Integrator at t = 1.74201e-04 s  (8.71 %)
  [ODE] Integrator at t = 1.74934e-04 s  (8.75 %)
  [ODE] Integrator at t = 1.75624e-04 s  (8.78 %)
  [ODE] Integrator at t = 1.76269e-04 s  (8.81 %)
  [ODE] Integrator at t = 1.76730e-04 s  (8.84 %)
  [ODE] Integrator at t = 1.77125e-04 s  (8.86 %)
  [ODE] Integrator at t = 1.77678e-04 s  (8.88 %)
  [ODE] Integrator at t = 1.78338e-04 s  (8.92 %)
  [ODE] Integrator at t = 1.78802e-04 s  (8.94 %)
  [ODE] Integrator at t = 1.79705e-04 s  (8.99 %)
  [ODE] Integrator at t = 1.80415e-04 s  (9.02 %)
  [ODE] Integrator at t = 1.81143e-04 s  (9.06 %)
  [ODE] Integrator at t = 1.81936e-04 s  (9.10 %)
  [ODE] Integrator at t = 1.82973e-04 s  (9.15 %)
  [ODE] Integrator at t = 1.84251e-04 s  (9.21 %)
  [ODE] Integrator at t = 1.52592e-03 s  (76.30 %)
  [ODE] Integrator at t = 1.52677e-03 s  (76.34 %)
  [ODE] Integrator at t = 1.52756e-03 s  (76.38 %)
  [ODE] Integrator at t = 1.52830e-03 s  (76.41 %)
  [ODE] Integrator at t = 1.52902e-03 s  (76.45 %)
  [ODE] Integrator at t = 1.52961e-03 s  (76.48 %)
  [ODE] Integrator at t = 1.53036e-03 s  (76.52 %)
  [ODE] Integrator at t = 1.53101e-03 s  (76.55 %)
  [ODE] Integrator at t = 1.53166e-03 s  (76.58 %)
  [ODE] Integrator at t = 1.53227e-03 s  (76.61 %)
  [ODE] Integrator at t = 1.53294e-03 s  (76.65 %)
  [ODE] Integrator at t = 1.53352e-03 s  (76.68 %)
  [ODE] Integrator at t = 1.53421e-03 s  (76.71 %)
  [ODE] Integrator at t = 1.53478e-03 s  (76.74 %)
  [ODE] Integrator at t = 1.53534e-03 s  (76.77 %)
  [ODE] Integrator at t = 1.53598e-03 s  (76.80 %)
  [ODE] Integrator at t = 1.53662e-03 s  (76.83 %)
  [ODE] Integrator at t = 1.53725e-03 s  (76.86 %)
  [ODE] Integrator at t = 1.53790e-03 s  (76.89 %)
  [ODE] Integrator at t = 1.53859e-03 s  (76.93 %)
  [ODE] Integrator at t = 1.53918e-03 s  (76.96 %)
  [ODE] Integrator at t = 1.53976e-03 s  (76.99 %)
  [ODE] Integrator at t = 1.54045e-03 s  (77.02 %)
  [ODE] Integrator at t = 1.54108e-03 s  (77.05 %)
  [ODE] Integrator at t = 1.54169e-03 s  (77.08 %)
  [ODE] Integrator at t = 1.54238e-03 s  (77.12 %)
  [ODE] Integrator at t = 1.54295e-03 s  (77.15 %)
  [ODE] Integrator at t = 1.54352e-03 s  (77.18 %)
  [ODE] Integrator at t = 1.54410e-03 s  (77.21 %)
  [ODE] Integrator at t = 1.54471e-03 s  (77.24 %)
  [ODE] Integrator at t = 1.54547e-03 s  (77.27 %)
  [ODE] Integrator at t = 1.54614e-03 s  (77.31 %)
  [ODE] Integrator at t = 1.54673e-03 s  (77.34 %)
  [ODE] Integrator at t = 1.54736e-03 s  (77.37 %)
  [ODE] Integrator at t = 1.54796e-03 s  (77.40 %)
  [ODE] Integrator at t = 1.54854e-03 s  (77.43 %)
  [ODE] Integrator at t = 1.54914e-03 s  (77.46 %)
  [ODE] Integrator at t = 1.54977e-03 s  (77.49 %)
  [ODE] Integrator at t = 1.55041e-03 s  (77.52 %)
  [ODE] Integrator at t = 1.55103e-03 s  (77.55 %)
  [ODE] Integrator at t = 1.55161e-03 s  (77.58 %)
  [ODE] Integrator at t = 1.55230e-03 s  (77.61 %)
  [ODE] Integrator at t = 1.55295e-03 s  (77.65 %)
  [ODE] Integrator at t = 1.55358e-03 s  (77.68 %)
  [ODE] Integrator at t = 1.55412e-03 s  (77.71 %)
  [ODE] Integrator at t = 1.55469e-03 s  (77.73 %)
  [ODE] Integrator at t = 1.55523e-03 s  (77.76 %)
  [ODE] Integrator at t = 1.55590e-03 s  (77.79 %)
  [ODE] Integrator at t = 1.55658e-03 s  (77.83 %)
  [ODE] Integrator at t = 1.55722e-03 s  (77.86 %)
  [ODE] Integrator at t = 1.55790e-03 s  (77.90 %)
  [ODE] Integrator at t = 1.55848e-03 s  (77.92 %)
  [ODE] Integrator at t = 1.55907e-03 s  (77.95 %)
  [ODE] Integrator at t = 1.55970e-03 s  (77.99 %)
  [ODE] Integrator at t = 1.56041e-03 s  (78.02 %)
julia : 鈹?Warning: Verbosity toggle: max_iters 
所在位置 行:1 字符: 1
+ julia --project=. test/test_physics_validation.jl >
 test_output.log 2 ...
+ ~~~~~~~~~~~~~~~~~~~~~~~~~~~~~~~~~~~~~~~~~~~~~~~~~~~
~~~~~~~~~~~~~~~~~~
    + CategoryInfo          : NotSpecified: (鈹?Warni 
   ng: Verbosity toggle: max_iters :String) [], Rem  
  oteException
    + FullyQualifiedErrorId : NativeCommandError
 
鈹? Interrupted. Larger maxiters is needed. If you are
 using an integrator for non-stiff ODEs or an automat
ic switching algorithm (the default), you may want to
 consider using a method for stiff equations. See the
 solver pages for more details (e.g. https://docs.sci
ml.ai/DiffEqDocs/stable/solvers/ode_solve/#Stiff-Prob
lems).
鈹?@ SciMLBase C:\Users\yuxinlu_qh\.julia\packages\Sci
MLBase\eTBDr\src\integrator_interface.jl:679
Symmetry and Invariance under Pure Axial Load: Error During Test at E:\antigravity_folder\ADORE_V2_jl\test\test_physics_validation.jl:71
  Got exception outside of a @test
  UndefVarError: `extract_field_output` not defined in `ADORE`
  Suggestion: check for spelling errors or missing imports.
  Stacktrace:
   [1] getproperty(x::Module, f::Symbol)
     @ Base .\Base_compiler.jl:47
   [2] macro expansion
     @ E:\antigravity_folder\ADORE_V2_jl\test\test_physics_validation.jl:90 [inlined]
   [3] macro expansion
     @ C:\Users\yuxinlu_qh\.julia\juliaup\julia-1.12.5+0.x64.w64.mingw32\share\julia\stdlib\v1.12\Test\src\Test.jl:1776 [inlined]
   [4] macro expansion
     @ E:\antigravity_folder\ADORE_V2_jl\test\test_physics_validation.jl:74 [inlined]
   [5] macro expansion
     @ C:\Users\yuxinlu_qh\.julia\juliaup\julia-1.12.5+0.x64.w64.mingw32\share\julia\stdlib\v1.12\Test\src\Test.jl:1776 [inlined]
   [6] top-level scope
     @ E:\antigravity_folder\ADORE_V2_jl\test\test_physics_validation.jl:16
   [7] include(mod::Module, _path::String)
     @ Base .\Base.jl:306
   [8] exec_options(opts::Base.JLOptions)
     @ Base .\client.jl:317
   [9] _start()
     @ Base .\client.jl:550

========================================
Test 3: Thermodynamic Dissipation Bound
========================================

=== Per-Mode Damping (味 = 0.03) ===
  K_hertz = 8.75e+07 N/m  (未_avg = 3.19 碌m)
  c_ball_trans  = 51.35 N路s/m  (c鈽?= 0.011000)
  c_ball_orbit  = 5.13 N路s/m  (c鈽?= 0.001100)
  c_ball_spin   = 0.0013 N路m路s   (c鈽?= 0.000000)
  c_ir          = 946.12 N路s/m  (c鈽?= 0.202684)
  c_cage        = 7.77 N路s/m  (c鈽?= 0.001664)
  c_tilt        = 946.12 N路s/m  (c鈽?= 1.000000)
[KERNEL-V3-TRAC] ode_rhs! loaded with Harris traction damping
[KERNEL-V3-TRAC] ode_rhs! loaded with Harris traction damping
[KERNEL-V3-TRAC] ode_rhs! loaded with Harris traction damping
[KERNEL-V3-TRAC] ode_rhs! loaded with Harris traction damping
[KERNEL-V3-TRAC] ode_rhs! loaded with Harris traction damping
[KERNEL-V3-TRAC] ode_rhs! loaded with Harris traction damping
[KERNEL-V3-TRAC] ode_rhs! loaded with Harris traction damping
[KERNEL-V3-TRAC] ode_rhs! loaded with Harris traction damping
[KERNEL-V3-TRAC] ode_rhs! loaded with Harris traction damping
[KERNEL-V3-TRAC] ode_rhs! loaded with Harris traction damping
[KERNEL-V3-TRAC] ode_rhs! loaded with Harris traction damping
[KERNEL-V3-TRAC] ode_rhs! loaded with Harris traction damping
[KERNEL-V3-TRAC] ode_rhs! loaded with Harris traction damping
[KERNEL-V3-TRAC] ode_rhs! loaded with Harris traction damping
[KERNEL-V3-TRAC] ode_rhs! loaded with Harris traction damping
[KERNEL-V3-TRAC] ode_rhs! loaded with Harris traction damping
[KERNEL-V3-TRAC] ode_rhs! loaded with Harris traction damping
[KERNEL-V3-TRAC] ode_rhs! loaded with Harris traction damping
[KERNEL-V3-TRAC] ode_rhs! loaded with Harris traction damping
[KERNEL-V3-TRAC] ode_rhs! loaded with Harris traction damping
[KERNEL-V3-TRAC] ode_rhs! loaded with Harris traction damping
[KERNEL-V3-TRAC] ode_rhs! loaded with Harris traction damping
[KERNEL-V3-TRAC] ode_rhs! loaded with Harris traction damping
[KERNEL-V3-TRAC] ode_rhs! loaded with Harris traction damping
[KERNEL-V3-TRAC] ode_rhs! loaded with Harris traction damping
[KERNEL-V3-TRAC] ode_rhs! loaded with Harris traction damping
[KERNEL-V3-TRAC] ode_rhs! loaded with Harris traction damping
[KERNEL-V3-TRAC] ode_rhs! loaded with Harris traction damping
[KERNEL-V3-TRAC] ode_rhs! loaded with Harris traction damping
[KERNEL-V3-TRAC] ode_rhs! loaded with Harris traction damping
[KERNEL-V3-TRAC] ode_rhs! loaded with Harris traction damping
[KERNEL-V3-TRAC] ode_rhs! loaded with Harris traction damping
[KERNEL-V3-TRAC] ode_rhs! loaded with Harris traction damping
[KERNEL-V3-TRAC] ode_rhs! loaded with Harris traction damping
[KERNEL-V3-TRAC] ode_rhs! loaded with Harris traction damping
[KERNEL-V3-TRAC] ode_rhs! loaded with Harris traction damping
[KERNEL-V3-TRAC] ode_rhs! loaded with Harris traction damping
[KERNEL-V3-TRAC] ode_rhs! loaded with Harris traction damping
[KERNEL-V3-TRAC] ode_rhs! loaded with Harris traction damping
[KERNEL-V3-TRAC] ode_rhs! loaded with Harris traction damping
[KERNEL-V3-TRAC] ode_rhs! loaded with Harris traction damping
[KERNEL-V3-TRAC] ode_rhs! loaded with Harris traction damping
[KERNEL-V3-TRAC] ode_rhs! loaded with Harris traction damping
[KERNEL-V3-TRAC] ode_rhs! loaded with Harris traction damping
[KERNEL-V3-TRAC] ode_rhs! loaded with Harris traction damping
[KERNEL-V3-TRAC] ode_rhs! loaded with Harris traction damping
[KERNEL-V3-TRAC] ode_rhs! loaded with Harris traction damping
[KERNEL-V3-TRAC] ode_rhs! loaded with Harris traction damping
[KERNEL-V3-TRAC] ode_rhs! loaded with Harris traction damping
[KERNEL-V3-TRAC] ode_rhs! loaded with Harris traction damping
[KERNEL-V3-TRAC] ode_rhs! loaded with Harris traction damping
[KERNEL-V3-TRAC] ode_rhs! loaded with Harris traction damping
[KERNEL-V3-TRAC] ode_rhs! loaded with Harris traction damping
[KERNEL-V3-TRAC] ode_rhs! loaded with Harris traction damping
[KERNEL-V3-TRAC] ode_rhs! loaded with Harris traction damping
[KERNEL-V3-TRAC] ode_rhs! loaded with Harris traction damping
[KERNEL-V3-TRAC] ode_rhs! loaded with Harris traction damping
[KERNEL-V3-TRAC] ode_rhs! loaded with Harris traction damping
[KERNEL-V3-TRAC] ode_rhs! loaded with Harris traction damping
[KERNEL-V3-TRAC] ode_rhs! loaded with Harris traction damping
[KERNEL-V3-TRAC] ode_rhs! loaded with Harris traction damping
[KERNEL-V3-TRAC] ode_rhs! loaded with Harris traction damping
[KERNEL-V3-TRAC] ode_rhs! loaded with Harris traction damping
[KERNEL-V3-TRAC] ode_rhs! loaded with Harris traction damping
[KERNEL-V3-TRAC] ode_rhs! loaded with Harris traction damping
[KERNEL-V3-TRAC] ode_rhs! loaded with Harris traction damping
[KERNEL-V3-TRAC] ode_rhs! loaded with Harris traction damping
[KERNEL-V3-TRAC] ode_rhs! loaded with Harris traction damping
[KERNEL-V3-TRAC] ode_rhs! loaded with Harris traction damping
[KERNEL-V3-TRAC] ode_rhs! loaded with Harris traction damping
[KERNEL-V3-TRAC] ode_rhs! loaded with Harris traction damping
[KERNEL-V3-TRAC] ode_rhs! loaded with Harris traction damping
[KERNEL-V3-TRAC] ode_rhs! loaded with Harris traction damping
[KERNEL-V3-TRAC] ode_rhs! loaded with Harris traction damping
[KERNEL-V3-TRAC] ode_rhs! loaded with Harris traction damping
[KERNEL-V3-TRAC] ode_rhs! loaded with Harris traction damping
[KERNEL-V3-TRAC] ode_rhs! loaded with Harris traction damping
[KERNEL-V3-TRAC] ode_rhs! loaded with Harris traction damping
[KERNEL-V3-TRAC] ode_rhs! loaded with Harris traction damping
[KERNEL-V3-TRAC] ode_rhs! loaded with Harris traction damping
[KERNEL-V3-TRAC] ode_rhs! loaded with Harris traction damping
[KERNEL-V3-TRAC] ode_rhs! loaded with Harris traction damping
[KERNEL-V3-TRAC] ode_rhs! loaded with Harris traction damping
[KERNEL-V3-TRAC] ode_rhs! loaded with Harris traction damping
[KERNEL-V3-TRAC] ode_rhs! loaded with Harris traction damping
[KERNEL-V3-TRAC] ode_rhs! loaded with Harris traction damping
[KERNEL-V3-TRAC] ode_rhs! loaded with Harris traction damping
[KERNEL-V3-TRAC] ode_rhs! loaded with Harris traction damping
[KERNEL-V3-TRAC] ode_rhs! loaded with Harris traction damping
[KERNEL-V3-TRAC] ode_rhs! loaded with Harris traction damping
[KERNEL-V3-TRAC] ode_rhs! loaded with Harris traction damping
[KERNEL-V3-TRAC] ode_rhs! loaded with Harris traction damping
[KERNEL-V3-TRAC] ode_rhs! loaded with Harris traction damping
[KERNEL-V3-TRAC] ode_rhs! loaded with Harris traction damping
[KERNEL-V3-TRAC] ode_rhs! loaded with Harris traction damping
[KERNEL-V3-TRAC] ode_rhs! loaded with Harris traction damping
[KERNEL-V3-TRAC] ode_rhs! loaded with Harris traction damping
[KERNEL-V3-TRAC] ode_rhs! loaded with Harris traction damping
[KERNEL-V3-TRAC] ode_rhs! loaded with Harris traction damping
[KERNEL-V3-TRAC] ode_rhs! loaded with Harris traction damping
[KERNEL-V3-TRAC] ode_rhs! loaded with Harris traction damping
[KERNEL-V3-TRAC] ode_rhs! loaded with Harris traction damping
[KERNEL-V3-TRAC] ode_rhs! loaded with Harris traction damping
[KERNEL-V3-TRAC] ode_rhs! loaded with Harris traction damping
[KERNEL-V3-TRAC] ode_rhs! loaded with Harris traction damping
[KERNEL-V3-TRAC] ode_rhs! loaded with Harris traction damping
[KERNEL-V3-TRAC] ode_rhs! loaded with Harris traction damping
[KERNEL-V3-TRAC] ode_rhs! loaded with Harris traction damping
[KERNEL-V3-TRAC] ode_rhs! loaded with Harris traction damping
[KERNEL-V3-TRAC] ode_rhs! loaded with Harris traction damping
[KERNEL-V3-TRAC] ode_rhs! loaded with Harris traction damping
[KERNEL-V3-TRAC] ode_rhs! loaded with Harris traction damping
[KERNEL-V3-TRAC] ode_rhs! loaded with Harris traction damping
[KERNEL-V3-TRAC] ode_rhs! loaded with Harris traction damping
[KERNEL-V3-TRAC] ode_rhs! loaded with Harris traction damping
[KERNEL-V3-TRAC] ode_rhs! loaded with Harris traction damping
[KERNEL-V3-TRAC] ode_rhs! loaded with Harris traction damping
[KERNEL-V3-TRAC] ode_rhs! loaded with Harris traction damping
[KERNEL-V3-TRAC] ode_rhs! loaded with Harris traction damping
[KERNEL-V3-TRAC] ode_rhs! loaded with Harris traction damping
[KERNEL-V3-TRAC] ode_rhs! loaded with Harris traction damping
[KERNEL-V3-TRAC] ode_rhs! loaded with Harris traction damping
[KERNEL-V3-TRAC] ode_rhs! loaded with Harris traction damping
[KERNEL-V3-TRAC] ode_rhs! loaded with Harris traction damping
[KERNEL-V3-TRAC] ode_rhs! loaded with Harris traction damping
[KERNEL-V3-TRAC] ode_rhs! loaded with Harris traction damping
[KERNEL-V3-TRAC] ode_rhs! loaded with Harris traction damping
[KERNEL-V3-TRAC] ode_rhs! loaded with Harris traction damping
[KERNEL-V3-TRAC] ode_rhs! loaded with Harris traction damping
[KERNEL-V3-TRAC] ode_rhs! loaded with Harris traction damping
[KERNEL-V3-TRAC] ode_rhs! loaded with Harris traction damping
[KERNEL-V3-TRAC] ode_rhs! loaded with Harris traction damping
[KERNEL-V3-TRAC] ode_rhs! loaded with Harris traction damping
[KERNEL-V3-TRAC] ode_rhs! loaded with Harris traction damping
[KERNEL-V3-TRAC] ode_rhs! loaded with Harris traction damping
[KERNEL-V3-TRAC] ode_rhs! loaded with Harris traction damping
[KERNEL-V3-TRAC] ode_rhs! loaded with Harris traction damping
[KERNEL-V3-TRAC] ode_rhs! loaded with Harris traction damping
[KERNEL-V3-TRAC] ode_rhs! loaded with Harris traction damping
[KERNEL-V3-TRAC] ode_rhs! loaded with Harris traction damping
[KERNEL-V3-TRAC] ode_rhs! loaded with Harris traction damping
[KERNEL-V3-TRAC] ode_rhs! loaded with Harris traction damping
[KERNEL-V3-TRAC] ode_rhs! loaded with Harris traction damping
[KERNEL-V3-TRAC] ode_rhs! loaded with Harris traction damping
[KERNEL-V3-TRAC] ode_rhs! loaded with Harris traction damping
[KERNEL-V3-TRAC] ode_rhs! loaded with Harris traction damping
[KERNEL-V3-TRAC] ode_rhs! loaded with Harris traction damping
[KERNEL-V3-TRAC] ode_rhs! loaded with Harris traction damping
[KERNEL-V3-TRAC] ode_rhs! loaded with Harris traction damping
[KERNEL-V3-TRAC] ode_rhs! loaded with Harris traction damping
[KERNEL-V3-TRAC] ode_rhs! loaded with Harris traction damping
[KERNEL-V3-TRAC] ode_rhs! loaded with Harris traction damping
[KERNEL-V3-TRAC] ode_rhs! loaded with Harris traction damping
[KERNEL-V3-TRAC] ode_rhs! loaded with Harris traction damping
[KERNEL-V3-TRAC] ode_rhs! loaded with Harris traction damping
[KERNEL-V3-TRAC] ode_rhs! loaded with Harris traction damping
[KERNEL-V3-TRAC] ode_rhs! loaded with Harris traction damping
[KERNEL-V3-TRAC] ode_rhs! loaded with Harris traction damping
[KERNEL-V3-TRAC] ode_rhs! loaded with Harris traction damping
[KERNEL-V3-TRAC] ode_rhs! loaded with Harris traction damping
[KERNEL-V3-TRAC] ode_rhs! loaded with Harris traction damping
[KERNEL-V3-TRAC] ode_rhs! loaded with Harris traction damping
[KERNEL-V3-TRAC] ode_rhs! loaded with Harris traction damping
[KERNEL-V3-TRAC] ode_rhs! loaded with Harris traction damping
[KERNEL-V3-TRAC] ode_rhs! loaded with Harris traction damping
[KERNEL-V3-TRAC] ode_rhs! loaded with Harris traction damping
[KERNEL-V3-TRAC] ode_rhs! loaded with Harris traction damping
[KERNEL-V3-TRAC] ode_rhs! loaded with Harris traction damping
[KERNEL-V3-TRAC] ode_rhs! loaded with Harris traction damping
[KERNEL-V3-TRAC] ode_rhs! loaded with Harris traction damping
[KERNEL-V3-TRAC] ode_rhs! loaded with Harris traction damping
[KERNEL-V3-TRAC] ode_rhs! loaded with Harris traction damping
[KERNEL-V3-TRAC] ode_rhs! loaded with Harris traction damping
[KERNEL-V3-TRAC] ode_rhs! loaded with Harris traction damping
[KERNEL-V3-TRAC] ode_rhs! loaded with Harris traction damping
[KERNEL-V3-TRAC] ode_rhs! loaded with Harris traction damping
[KERNEL-V3-TRAC] ode_rhs! loaded with Harris traction damping
[KERNEL-V3-TRAC] ode_rhs! loaded with Harris traction damping
[KERNEL-V3-TRAC] ode_rhs! loaded with Harris traction damping
[KERNEL-V3-TRAC] ode_rhs! loaded with Harris traction damping
[KERNEL-V3-TRAC] ode_rhs! loaded with Harris traction damping
[KERNEL-V3-TRAC] ode_rhs! loaded with Harris traction damping
[KERNEL-V3-TRAC] ode_rhs! loaded with Harris traction damping
[KERNEL-V3-TRAC] ode_rhs! loaded with Harris traction damping
[KERNEL-V3-TRAC] ode_rhs! loaded with Harris traction damping
[KERNEL-V3-TRAC] ode_rhs! loaded with Harris traction damping
[KERNEL-V3-TRAC] ode_rhs! loaded with Harris traction damping
[KERNEL-V3-TRAC] ode_rhs! loaded with Harris traction damping
[KERNEL-V3-TRAC] ode_rhs! loaded with Harris traction damping
[KERNEL-V3-TRAC] ode_rhs! loaded with Harris traction damping
[KERNEL-V3-TRAC] ode_rhs! loaded with Harris traction damping
[KERNEL-V3-TRAC] ode_rhs! loaded with Harris traction damping
[KERNEL-V3-TRAC] ode_rhs! loaded with Harris traction damping
[KERNEL-V3-TRAC] ode_rhs! loaded with Harris traction damping
[KERNEL-V3-TRAC] ode_rhs! loaded with Harris traction damping
[KERNEL-V3-TRAC] ode_rhs! loaded with Harris traction damping
[KERNEL-V3-TRAC] ode_rhs! loaded with Harris traction damping
[KERNEL-V3-TRAC] ode_rhs! loaded with Harris traction damping
[KERNEL-V3-TRAC] ode_rhs! loaded with Harris traction damping
[KERNEL-V3-TRAC] ode_rhs! loaded with Harris traction damping
[KERNEL-V3-TRAC] ode_rhs! loaded with Harris traction damping
[KERNEL-V3-TRAC] ode_rhs! loaded with Harris traction damping
[KERNEL-V3-TRAC] ode_rhs! loaded with Harris traction damping
[KERNEL-V3-TRAC] ode_rhs! loaded with Harris traction damping
[KERNEL-V3-TRAC] ode_rhs! loaded with Harris traction damping
[KERNEL-V3-TRAC] ode_rhs! loaded with Harris traction damping
[KERNEL-V3-TRAC] ode_rhs! loaded with Harris traction damping
[KERNEL-V3-TRAC] ode_rhs! loaded with Harris traction damping
[KERNEL-V3-TRAC] ode_rhs! loaded with Harris traction damping
[KERNEL-V3-TRAC] ode_rhs! loaded with Harris traction damping
[KERNEL-V3-TRAC] ode_rhs! loaded with Harris traction damping
[KERNEL-V3-TRAC] ode_rhs! loaded with Harris traction damping
[KERNEL-V3-TRAC] ode_rhs! loaded with Harris traction damping
[KERNEL-V3-TRAC] ode_rhs! loaded with Harris traction damping
[KERNEL-V3-TRAC] ode_rhs! loaded with Harris traction damping
[KERNEL-V3-TRAC] ode_rhs! loaded with Harris traction damping
[KERNEL-V3-TRAC] ode_rhs! loaded with Harris traction damping
[KERNEL-V3-TRAC] ode_rhs! loaded with Harris traction damping
[KERNEL-V3-TRAC] ode_rhs! loaded with Harris traction damping
[KERNEL-V3-TRAC] ode_rhs! loaded with Harris traction damping
[KERNEL-V3-TRAC] ode_rhs! loaded with Harris traction damping
[KERNEL-V3-TRAC] ode_rhs! loaded with Harris traction damping
[KERNEL-V3-TRAC] ode_rhs! loaded with Harris traction damping
[KERNEL-V3-TRAC] ode_rhs! loaded with Harris traction damping
[KERNEL-V3-TRAC] ode_rhs! loaded with Harris traction damping
[KERNEL-V3-TRAC] ode_rhs! loaded with Harris traction damping
[KERNEL-V3-TRAC] ode_rhs! loaded with Harris traction damping
[KERNEL-V3-TRAC] ode_rhs! loaded with Harris traction damping
[KERNEL-V3-TRAC] ode_rhs! loaded with Harris traction damping
Second Law of Thermodynamics (Positive Heat): Error During Test at E:\antigravity_folder\ADORE_V2_jl\test\test_physics_validation.jl:111
  Got exception outside of a @test
  UndefVarError: `extract_field_output` not defined in `ADORE`
  Suggestion: check for spelling errors or missing imports.
  Stacktrace:
   [1] getproperty(x::Module, f::Symbol)
     @ Base .\Base_compiler.jl:47
   [2] macro expansion
     @ E:\antigravity_folder\ADORE_V2_jl\test\test_physics_validation.jl:130 [inlined]
   [3] macro expansion
     @ C:\Users\yuxinlu_qh\.julia\juliaup\julia-1.12.5+0.x64.w64.mingw32\share\julia\stdlib\v1.12\Test\src\Test.jl:1776 [inlined]
   [4] macro expansion
     @ E:\antigravity_folder\ADORE_V2_jl\test\test_physics_validation.jl:114 [inlined]
   [5] macro expansion
     @ C:\Users\yuxinlu_qh\.julia\juliaup\julia-1.12.5+0.x64.w64.mingw32\share\julia\stdlib\v1.12\Test\src\Test.jl:1776 [inlined]
   [6] top-level scope
     @ E:\antigravity_folder\ADORE_V2_jl\test\test_physics_validation.jl:16
   [7] include(mod::Module, _path::String)
     @ Base .\Base.jl:306
   [8] exec_options(opts::Base.JLOptions)
     @ Base .\client.jl:317
   [9] _start()
     @ Base .\client.jl:550

========================================
Test 4: Zero-Friction Conservative Limit
========================================
Conservative Hamiltonian Recovery: Error During Test at E:\antigravity_folder\ADORE_V2_jl\test\test_physics_validation.jl:146
  Got exception outside of a @test
  ArgumentError: kappa_inf (0.0) must be < kappa_0 (0.0)
  Stacktrace:
   [1] TractionParams(; kappa_0::Float64, kappa_inf::Float64, kappa_m::Float64, u_m::Float64)
     @ ADORE E:\antigravity_folder\ADORE_V2_jl\src\Config\types.jl:234
   [2] macro expansion
     @ E:\antigravity_folder\ADORE_V2_jl\test\test_physics_validation.jl:154 [inlined]
   [3] macro expansion
     @ C:\Users\yuxinlu_qh\.julia\juliaup\julia-1.12.5+0.x64.w64.mingw32\share\julia\stdlib\v1.12\Test\src\Test.jl:1776 [inlined]
   [4] macro expansion
     @ E:\antigravity_folder\ADORE_V2_jl\test\test_physics_validation.jl:150 [inlined]
   [5] macro expansion
     @ C:\Users\yuxinlu_qh\.julia\juliaup\julia-1.12.5+0.x64.w64.mingw32\share\julia\stdlib\v1.12\Test\src\Test.jl:1776 [inlined]
   [6] top-level scope
     @ E:\antigravity_folder\ADORE_V2_jl\test\test_physics_validation.jl:16
   [7] include(mod::Module, _path::String)
     @ Base .\Base.jl:306
   [8] exec_options(opts::Base.JLOptions)
     @ Base .\client.jl:317
   [9] _start()
     @ Base .\client.jl:550

========================================
Test 5: Dimensional Objectivity
========================================

=== Per-Mode Damping (味 = 0.03) ===
  K_hertz = 8.75e+07 N/m  (未_avg = 3.18 碌m)
  c_ball_trans  = 51.32 N路s/m  (c鈽?= 0.010995)
  c_ball_orbit  = 5.13 N路s/m  (c鈽?= 0.001099)
  c_ball_spin   = 0.0013 N路m路s   (c鈽?= 0.000000)
  c_ir          = 945.65 N路s/m  (c鈽?= 0.202583)
  c_cage        = 7.77 N路s/m  (c鈽?= 0.001664)
  c_tilt        = 945.65 N路s/m  (c鈽?= 1.000000)
[KERNEL-V3-TRAC] ode_rhs! loaded with Harris traction damping
[KERNEL-V3-TRAC] ode_rhs! loaded with Harris traction damping
[KERNEL-V3-TRAC] ode_rhs! loaded with Harris traction damping
[KERNEL-V3-TRAC] ode_rhs! loaded with Harris traction damping
[KERNEL-V3-TRAC] ode_rhs! loaded with Harris traction damping
[KERNEL-V3-TRAC] ode_rhs! loaded with Harris traction damping
[KERNEL-V3-TRAC] ode_rhs! loaded with Harris traction damping
[KERNEL-V3-TRAC] ode_rhs! loaded with Harris traction damping
[KERNEL-V3-TRAC] ode_rhs! loaded with Harris traction damping
[KERNEL-V3-TRAC] ode_rhs! loaded with Harris traction damping
[KERNEL-V3-TRAC] ode_rhs! loaded with Harris traction damping
[KERNEL-V3-TRAC] ode_rhs! loaded with Harris traction damping
[KERNEL-V3-TRAC] ode_rhs! loaded with Harris traction damping
[KERNEL-V3-TRAC] ode_rhs! loaded with Harris traction damping
[KERNEL-V3-TRAC] ode_rhs! loaded with Harris traction damping
[KERNEL-V3-TRAC] ode_rhs! loaded with Harris traction damping
[KERNEL-V3-TRAC] ode_rhs! loaded with Harris traction damping
[KERNEL-V3-TRAC] ode_rhs! loaded with Harris traction damping
[KERNEL-V3-TRAC] ode_rhs! loaded with Harris traction damping
[KERNEL-V3-TRAC] ode_rhs! loaded with Harris traction damping
[KERNEL-V3-TRAC] ode_rhs! loaded with Harris traction damping
[KERNEL-V3-TRAC] ode_rhs! loaded with Harris traction damping
[KERNEL-V3-TRAC] ode_rhs! loaded with Harris traction damping
[KERNEL-V3-TRAC] ode_rhs! loaded with Harris traction damping
[KERNEL-V3-TRAC] ode_rhs! loaded with Harris traction damping
[KERNEL-V3-TRAC] ode_rhs! loaded with Harris traction damping
[KERNEL-V3-TRAC] ode_rhs! loaded with Harris traction damping
[KERNEL-V3-TRAC] ode_rhs! loaded with Harris traction damping
[KERNEL-V3-TRAC] ode_rhs! loaded with Harris traction damping
[KERNEL-V3-TRAC] ode_rhs! loaded with Harris traction damping
[KERNEL-V3-TRAC] ode_rhs! loaded with Harris traction damping
[KERNEL-V3-TRAC] ode_rhs! loaded with Harris traction damping
[KERNEL-V3-TRAC] ode_rhs! loaded with Harris traction damping
[KERNEL-V3-TRAC] ode_rhs! loaded with Harris traction damping
[KERNEL-V3-TRAC] ode_rhs! loaded with Harris traction damping
[KERNEL-V3-TRAC] ode_rhs! loaded with Harris traction damping
[KERNEL-V3-TRAC] ode_rhs! loaded with Harris traction damping
[KERNEL-V3-TRAC] ode_rhs! loaded with Harris traction damping
[KERNEL-V3-TRAC] ode_rhs! loaded with Harris traction damping
[KERNEL-V3-TRAC] ode_rhs! loaded with Harris traction damping
[KERNEL-V3-TRAC] ode_rhs! loaded with Harris traction damping
[KERNEL-V3-TRAC] ode_rhs! loaded with Harris traction damping
[KERNEL-V3-TRAC] ode_rhs! loaded with Harris traction damping
[KERNEL-V3-TRAC] ode_rhs! loaded with Harris traction damping
[KERNEL-V3-TRAC] ode_rhs! loaded with Harris traction damping
[KERNEL-V3-TRAC] ode_rhs! loaded with Harris traction damping
[KERNEL-V3-TRAC] ode_rhs! loaded with Harris traction damping
[KERNEL-V3-TRAC] ode_rhs! loaded with Harris traction damping
[KERNEL-V3-TRAC] ode_rhs! loaded with Harris traction damping
[KERNEL-V3-TRAC] ode_rhs! loaded with Harris traction damping
[KERNEL-V3-TRAC] ode_rhs! loaded with Harris traction damping
[KERNEL-V3-TRAC] ode_rhs! loaded with Harris traction damping
[KERNEL-V3-TRAC] ode_rhs! loaded with Harris traction damping
[KERNEL-V3-TRAC] ode_rhs! loaded with Harris traction damping
[KERNEL-V3-TRAC] ode_rhs! loaded with Harris traction damping
[KERNEL-V3-TRAC] ode_rhs! loaded with Harris traction damping
[KERNEL-V3-TRAC] ode_rhs! loaded with Harris traction damping
[KERNEL-V3-TRAC] ode_rhs! loaded with Harris traction damping
[KERNEL-V3-TRAC] ode_rhs! loaded with Harris traction damping
[KERNEL-V3-TRAC] ode_rhs! loaded with Harris traction damping
[KERNEL-V3-TRAC] ode_rhs! loaded with Harris traction damping
[KERNEL-V3-TRAC] ode_rhs! loaded with Harris traction damping
[KERNEL-V3-TRAC] ode_rhs! loaded with Harris traction damping
[KERNEL-V3-TRAC] ode_rhs! loaded with Harris traction damping
[KERNEL-V3-TRAC] ode_rhs! loaded with Harris traction damping
[KERNEL-V3-TRAC] ode_rhs! loaded with Harris traction damping
[KERNEL-V3-TRAC] ode_rhs! loaded with Harris traction damping
[KERNEL-V3-TRAC] ode_rhs! loaded with Harris traction damping
[KERNEL-V3-TRAC] ode_rhs! loaded with Harris traction damping
[KERNEL-V3-TRAC] ode_rhs! loaded with Harris traction damping
[KERNEL-V3-TRAC] ode_rhs! loaded with Harris traction damping
[KERNEL-V3-TRAC] ode_rhs! loaded with Harris traction damping
[KERNEL-V3-TRAC] ode_rhs! loaded with Harris traction damping
[KERNEL-V3-TRAC] ode_rhs! loaded with Harris traction damping
[KERNEL-V3-TRAC] ode_rhs! loaded with Harris traction damping
[KERNEL-V3-TRAC] ode_rhs! loaded with Harris traction damping
[KERNEL-V3-TRAC] ode_rhs! loaded with Harris traction damping
[KERNEL-V3-TRAC] ode_rhs! loaded with Harris traction damping
[KERNEL-V3-TRAC] ode_rhs! loaded with Harris traction damping
[KERNEL-V3-TRAC] ode_rhs! loaded with Harris traction damping
[KERNEL-V3-TRAC] ode_rhs! loaded with Harris traction damping
[KERNEL-V3-TRAC] ode_rhs! loaded with Harris traction damping
[KERNEL-V3-TRAC] ode_rhs! loaded with Harris traction damping
[KERNEL-V3-TRAC] ode_rhs! loaded with Harris traction damping
[KERNEL-V3-TRAC] ode_rhs! loaded with Harris traction damping
[KERNEL-V3-TRAC] ode_rhs! loaded with Harris traction damping
[KERNEL-V3-TRAC] ode_rhs! loaded with Harris traction damping
[KERNEL-V3-TRAC] ode_rhs! loaded with Harris traction damping
[KERNEL-V3-TRAC] ode_rhs! loaded with Harris traction damping
[KERNEL-V3-TRAC] ode_rhs! loaded with Harris traction damping
[KERNEL-V3-TRAC] ode_rhs! loaded with Harris traction damping
[KERNEL-V3-TRAC] ode_rhs! loaded with Harris traction damping
[KERNEL-V3-TRAC] ode_rhs! loaded with Harris traction damping
[KERNEL-V3-TRAC] ode_rhs! loaded with Harris traction damping
[KERNEL-V3-TRAC] ode_rhs! loaded with Harris traction damping
[KERNEL-V3-TRAC] ode_rhs! loaded with Harris traction damping
[KERNEL-V3-TRAC] ode_rhs! loaded with Harris traction damping
[KERNEL-V3-TRAC] ode_rhs! loaded with Harris traction damping
[KERNEL-V3-TRAC] ode_rhs! loaded with Harris traction damping
[KERNEL-V3-TRAC] ode_rhs! loaded with Harris traction damping
[KERNEL-V3-TRAC] ode_rhs! loaded with Harris traction damping
[KERNEL-V3-TRAC] ode_rhs! loaded with Harris traction damping
[KERNEL-V3-TRAC] ode_rhs! loaded with Harris traction damping
[KERNEL-V3-TRAC] ode_rhs! loaded with Harris traction damping
[KERNEL-V3-TRAC] ode_rhs! loaded with Harris traction damping
[KERNEL-V3-TRAC] ode_rhs! loaded with Harris traction damping
[KERNEL-V3-TRAC] ode_rhs! loaded with Harris traction damping
[KERNEL-V3-TRAC] ode_rhs! loaded with Harris traction damping
[KERNEL-V3-TRAC] ode_rhs! loaded with Harris traction damping
[KERNEL-V3-TRAC] ode_rhs! loaded with Harris traction damping
[KERNEL-V3-TRAC] ode_rhs! loaded with Harris traction damping
[KERNEL-V3-TRAC] ode_rhs! loaded with Harris traction damping
[KERNEL-V3-TRAC] ode_rhs! loaded with Harris traction damping
[KERNEL-V3-TRAC] ode_rhs! loaded with Harris traction damping
[KERNEL-V3-TRAC] ode_rhs! loaded with Harris traction damping
[KERNEL-V3-TRAC] ode_rhs! loaded with Harris traction damping
[KERNEL-V3-TRAC] ode_rhs! loaded with Harris traction damping
[KERNEL-V3-TRAC] ode_rhs! loaded with Harris traction damping
[KERNEL-V3-TRAC] ode_rhs! loaded with Harris traction damping
[KERNEL-V3-TRAC] ode_rhs! loaded with Harris traction damping
[KERNEL-V3-TRAC] ode_rhs! loaded with Harris traction damping
[KERNEL-V3-TRAC] ode_rhs! loaded with Harris traction damping
[KERNEL-V3-TRAC] ode_rhs! loaded with Harris traction damping
[KERNEL-V3-TRAC] ode_rhs! loaded with Harris traction damping
[KERNEL-V3-TRAC] ode_rhs! loaded with Harris traction damping
[KERNEL-V3-TRAC] ode_rhs! loaded with Harris traction damping
[KERNEL-V3-TRAC] ode_rhs! loaded with Harris traction damping
[KERNEL-V3-TRAC] ode_rhs! loaded with Harris traction damping
[KERNEL-V3-TRAC] ode_rhs! loaded with Harris traction damping
[KERNEL-V3-TRAC] ode_rhs! loaded with Harris traction damping
[KERNEL-V3-TRAC] ode_rhs! loaded with Harris traction damping
[KERNEL-V3-TRAC] ode_rhs! loaded with Harris traction damping
[KERNEL-V3-TRAC] ode_rhs! loaded with Harris traction damping
[KERNEL-V3-TRAC] ode_rhs! loaded with Harris traction damping
[KERNEL-V3-TRAC] ode_rhs! loaded with Harris traction damping
[KERNEL-V3-TRAC] ode_rhs! loaded with Harris traction damping
[KERNEL-V3-TRAC] ode_rhs! loaded with Harris traction damping
[KERNEL-V3-TRAC] ode_rhs! loaded with Harris traction damping
[KERNEL-V3-TRAC] ode_rhs! loaded with Harris traction damping
[KERNEL-V3-TRAC] ode_rhs! loaded with Harris traction damping
[KERNEL-V3-TRAC] ode_rhs! loaded with Harris traction damping
[KERNEL-V3-TRAC] ode_rhs! loaded with Harris traction damping
[KERNEL-V3-TRAC] ode_rhs! loaded with Harris traction damping
[KERNEL-V3-TRAC] ode_rhs! loaded with Harris traction damping
[KERNEL-V3-TRAC] ode_rhs! loaded with Harris traction damping
[KERNEL-V3-TRAC] ode_rhs! loaded with Harris traction damping
[KERNEL-V3-TRAC] ode_rhs! loaded with Harris traction damping
[KERNEL-V3-TRAC] ode_rhs! loaded with Harris traction damping
[KERNEL-V3-TRAC] ode_rhs! loaded with Harris traction damping
[KERNEL-V3-TRAC] ode_rhs! loaded with Harris traction damping
[KERNEL-V3-TRAC] ode_rhs! loaded with Harris traction damping
[KERNEL-V3-TRAC] ode_rhs! loaded with Harris traction damping
[KERNEL-V3-TRAC] ode_rhs! loaded with Harris traction damping
[KERNEL-V3-TRAC] ode_rhs! loaded with Harris traction damping
[KERNEL-V3-TRAC] ode_rhs! loaded with Harris traction damping
[KERNEL-V3-TRAC] ode_rhs! loaded with Harris traction damping
[KERNEL-V3-TRAC] ode_rhs! loaded with Harris traction damping
[KERNEL-V3-TRAC] ode_rhs! loaded with Harris traction damping
[KERNEL-V3-TRAC] ode_rhs! loaded with Harris traction damping
[KERNEL-V3-TRAC] ode_rhs! loaded with Harris traction damping
[KERNEL-V3-TRAC] ode_rhs! loaded with Harris traction damping
[KERNEL-V3-TRAC] ode_rhs! loaded with Harris traction damping
[KERNEL-V3-TRAC] ode_rhs! loaded with Harris traction damping
[KERNEL-V3-TRAC] ode_rhs! loaded with Harris traction damping
[KERNEL-V3-TRAC] ode_rhs! loaded with Harris traction damping
[KERNEL-V3-TRAC] ode_rhs! loaded with Harris traction damping
[KERNEL-V3-TRAC] ode_rhs! loaded with Harris traction damping
[KERNEL-V3-TRAC] ode_rhs! loaded with Harris traction damping
[KERNEL-V3-TRAC] ode_rhs! loaded with Harris traction damping
[KERNEL-V3-TRAC] ode_rhs! loaded with Harris traction damping
[KERNEL-V3-TRAC] ode_rhs! loaded with Harris traction damping
[KERNEL-V3-TRAC] ode_rhs! loaded with Harris traction damping
[KERNEL-V3-TRAC] ode_rhs! loaded with Harris traction damping
[KERNEL-V3-TRAC] ode_rhs! loaded with Harris traction damping
[KERNEL-V3-TRAC] ode_rhs! loaded with Harris traction damping
[KERNEL-V3-TRAC] ode_rhs! loaded with Harris traction damping
[KERNEL-V3-TRAC] ode_rhs! loaded with Harris traction damping
[KERNEL-V3-TRAC] ode_rhs! loaded with Harris traction damping
[KERNEL-V3-TRAC] ode_rhs! loaded with Harris traction damping
[KERNEL-V3-TRAC] ode_rhs! loaded with Harris traction damping
[KERNEL-V3-TRAC] ode_rhs! loaded with Harris traction damping
[KERNEL-V3-TRAC] ode_rhs! loaded with Harris traction damping
[KERNEL-V3-TRAC] ode_rhs! loaded with Harris traction damping
[KERNEL-V3-TRAC] ode_rhs! loaded with Harris traction damping
[KERNEL-V3-TRAC] ode_rhs! loaded with Harris traction damping
[KERNEL-V3-TRAC] ode_rhs! loaded with Harris traction damping
[KERNEL-V3-TRAC] ode_rhs! loaded with Harris traction damping
[KERNEL-V3-TRAC] ode_rhs! loaded with Harris traction damping
[KERNEL-V3-TRAC] ode_rhs! loaded with Harris traction damping
[KERNEL-V3-TRAC] ode_rhs! loaded with Harris traction damping
[KERNEL-V3-TRAC] ode_rhs! loaded with Harris traction damping
[KERNEL-V3-TRAC] ode_rhs! loaded with Harris traction damping
[KERNEL-V3-TRAC] ode_rhs! loaded with Harris traction damping
[KERNEL-V3-TRAC] ode_rhs! loaded with Harris traction damping
[KERNEL-V3-TRAC] ode_rhs! loaded with Harris traction damping
[KERNEL-V3-TRAC] ode_rhs! loaded with Harris traction damping
[KERNEL-V3-TRAC] ode_rhs! loaded with Harris traction damping
[KERNEL-V3-TRAC] ode_rhs! loaded with Harris traction damping
[KERNEL-V3-TRAC] ode_rhs! loaded with Harris traction damping
[KERNEL-V3-TRAC] ode_rhs! loaded with Harris traction damping
[KERNEL-V3-TRAC] ode_rhs! loaded with Harris traction damping
[KERNEL-V3-TRAC] ode_rhs! loaded with Harris traction damping
[KERNEL-V3-TRAC] ode_rhs! loaded with Harris traction damping
[KERNEL-V3-TRAC] ode_rhs! loaded with Harris traction damping
[KERNEL-V3-TRAC] ode_rhs! loaded with Harris traction damping
[KERNEL-V3-TRAC] ode_rhs! loaded with Harris traction damping
[KERNEL-V3-TRAC] ode_rhs! loaded with Harris traction damping
[KERNEL-V3-TRAC] ode_rhs! loaded with Harris traction damping
[KERNEL-V3-TRAC] ode_rhs! loaded with Harris traction damping
[KERNEL-V3-TRAC] ode_rhs! loaded with Harris traction damping
[KERNEL-V3-TRAC] ode_rhs! loaded with Harris traction damping
[KERNEL-V3-TRAC] ode_rhs! loaded with Harris traction damping
[KERNEL-V3-TRAC] ode_rhs! loaded with Harris traction damping
[KERNEL-V3-TRAC] ode_rhs! loaded with Harris traction damping
[KERNEL-V3-TRAC] ode_rhs! loaded with Harris traction damping
[KERNEL-V3-TRAC] ode_rhs! loaded with Harris traction damping
[KERNEL-V3-TRAC] ode_rhs! loaded with Harris traction damping
[KERNEL-V3-TRAC] ode_rhs! loaded with Harris traction damping
[KERNEL-V3-TRAC] ode_rhs! loaded with Harris traction damping
[KERNEL-V3-TRAC] ode_rhs! loaded with Harris traction damping
[KERNEL-V3-TRAC] ode_rhs! loaded with Harris traction damping
[KERNEL-V3-TRAC] ode_rhs! loaded with Harris traction damping
[KERNEL-V3-TRAC] ode_rhs! loaded with Harris traction damping
[KERNEL-V3-TRAC] ode_rhs! loaded with Harris traction damping
[KERNEL-V3-TRAC] ode_rhs! loaded with Harris traction damping
[KERNEL-V3-TRAC] ode_rhs! loaded with Harris traction damping
[KERNEL-V3-TRAC] ode_rhs! loaded with Harris traction damping
[KERNEL-V3-TRAC] ode_rhs! loaded with Harris traction damping
[KERNEL-V3-TRAC] ode_rhs! loaded with Harris traction damping
Scale Invariance (Objective ODEs): Error During Test at E:\antigravity_folder\ADORE_V2_jl\test\test_physics_validation.jl:190
  Got exception outside of a @test
  UndefVarError: `extract_field_output` not defined in `ADORE`
  Suggestion: check for spelling errors or missing imports.
  Stacktrace:
   [1] getproperty(x::Module, f::Symbol)
     @ Base .\Base_compiler.jl:47
   [2] macro expansion
     @ E:\antigravity_folder\ADORE_V2_jl\test\test_physics_validation.jl:202 [inlined]
   [3] macro expansion
     @ C:\Users\yuxinlu_qh\.julia\juliaup\julia-1.12.5+0.x64.w64.mingw32\share\julia\stdlib\v1.12\Test\src\Test.jl:1776 [inlined]
   [4] macro expansion
     @ E:\antigravity_folder\ADORE_V2_jl\test\test_physics_validation.jl:194 [inlined]
   [5] macro expansion
     @ C:\Users\yuxinlu_qh\.julia\juliaup\julia-1.12.5+0.x64.w64.mingw32\share\julia\stdlib\v1.12\Test\src\Test.jl:1776 [inlined]
   [6] top-level scope
     @ E:\antigravity_folder\ADORE_V2_jl\test\test_physics_validation.jl:16
   [7] include(mod::Module, _path::String)
     @ Base .\Base.jl:306
   [8] exec_options(opts::Base.JLOptions)
     @ Base .\client.jl:317
   [9] _start()
     @ Base .\client.jl:550
Test Summary:                                   | Error  Total     Time
ADORE Physics Validation Suite                  |     5      5  3m36.5s
  Quasi-Static Limit Convergence                |     1      1    21.9s
  Symmetry and Invariance under Pure Axial Load |     1      1  2m49.5s
  Second Law of Thermodynamics (Positive Heat)  |     1      1    15.5s
  Conservative Hamiltonian Recovery             |     1      1     0.2s
  Scale Invariance (Objective ODEs)             |     1      1     9.3s
RNG of the outermost testset: Random.Xoshiro(0xb09b4d8fa2c80846, 0xba7c94b623964f20, 0xba258440cd571e85, 0xaa22168c258bed64, 0x29bb3ecb17120bfb)
ERROR: LoadError: Some tests did not pass: 0 passed, 
0 failed, 5 errored, 0 broken.
in expression starting at E:\antigravity_folder\ADORE
_V2_jl\test\test_physics_validation.jl:14
